VERSION ""


NS_ : 
	NS_DESC_
	CM_
	BA_DEF_
	BA_
	VAL_
	CAT_DEF_
	CAT_
	FILTER
	BA_DEF_DEF_
	EV_DATA_
	ENVVAR_DATA_
	SGTYPE_
	SGTYPE_VAL_
	BA_DEF_SGTYPE_
	BA_SGTYPE_
	SIG_TYPE_REF_
	VAL_TABLE_
	SIG_GROUP_
	SIG_VALTYPE_
	SIGTYPE_VALTYPE_
	BO_TX_BU_
	BA_DEF_REL_
	BA_REL_
	BA_DEF_DEF_REL_
	BU_SG_REL_
	BU_EV_REL_
	BU_BO_REL_
	SG_MUL_VAL_

BS_:

BU_: tx


BO_ 257 tx_msg1: 8 tx
 SG_ potmin : 24|8@1- (-1,0) [0|4095.0] "dig" Vector__XXX
 SG_ potmax_1 : 16|8@1- (1,0) [0|4095.0] "dig" Vector__XXX
 SG_ potmin_1 : 8|8@1- (-1,0) [0|4095.0] "dig" Vector__XXX
 SG_ potmax : 0|8@1- (1,0) [0|4095.0] "dig" Vector__XXX

BO_ 819 tx_msg2: 8 tx
 SG_ curkp_1 : 24|8@1- (-1,0) [0|20000.0] "" Vector__XXX
 SG_ cpuload_1 : 16|8@1- (1,0) [0|0] "" Vector__XXX
 SG_ curkp : 8|8@1- (-1,0) [0|20000.0] "" Vector__XXX
 SG_ cpuload : 0|8@1- (1,0) [0|0] "" Vector__XXX












