VERSION ""


NS_ : 
	NS_DESC_
	CM_
	BA_DEF_
	BA_
	VAL_
	CAT_DEF_
	CAT_
	FILTER
	BA_DEF_DEF_
	EV_DATA_
	ENVVAR_DATA_
	SGTYPE_
	SGTYPE_VAL_
	BA_DEF_SGTYPE_
	BA_SGTYPE_
	SIG_TYPE_REF_
	VAL_TABLE_
	SIG_GROUP_
	SIG_VALTYPE_
	SIGTYPE_VALTYPE_
	BO_TX_BU_
	BA_DEF_REL_
	BA_REL_
	BA_DEF_DEF_REL_
	BU_SG_REL_
	BU_EV_REL_
	BU_BO_REL_
	SG_MUL_VAL_

BS_:

BU_: tx rx


BO_ 257 tx_msg1: 8 tx
 SG_ tmpm : 8|8@1- (1,0) [0|0] "" Vector__XXX
 SG_ tmphs : 0|8@1- (1,0) [0|0] "" Vector__XXX

BO_ 258 tx_msg2: 8 tx
 SG_ tmpm : 8|8@1- (1,-10) [0|0] "" Vector__XXX
 SG_ tmphs : 0|8@1- (1,-10) [0|0] "" Vector__XXX

BO_ 259 tx_msg3: 8 tx
 SG_ tmpm : 32|32@1- (0.01,0) [0|0] "" Vector__XXX
 SG_ tmphs : 0|32@1- (0.01,0) [0|0] "" Vector__XXX

BO_ 260 tx_msg4: 8 tx
 SG_ ocurlim : 15|16@0- (1,0) [-65536.0|65536.0] "A" Vector__XXX

BO_ 261 tx_msg5: 8 tx
 SG_ tmpm : 39|32@0- (0.01,0) [0|0] "" Vector__XXX
 SG_ tmphs : 7|32@0- (0.01,0) [0|0] "" Vector__XXX

BO_ 513 rx_msg1: 8 rx
 SG_ ocurlim : 15|16@0+ (1,0) [-65536.0|65536.0] "A" Vector__XXX












