VERSION ""


NS_ : 
	NS_DESC_
	CM_
	BA_DEF_
	BA_
	VAL_
	CAT_DEF_
	CAT_
	FILTER
	BA_DEF_DEF_
	EV_DATA_
	ENVVAR_DATA_
	SGTYPE_
	SGTYPE_VAL_
	BA_DEF_SGTYPE_
	BA_SGTYPE_
	SIG_TYPE_REF_
	VAL_TABLE_
	SIG_GROUP_
	SIG_VALTYPE_
	SIGTYPE_VALTYPE_
	BO_TX_BU_
	BA_DEF_REL_
	BA_REL_
	BA_DEF_DEF_REL_
	BU_SG_REL_
	BU_EV_REL_
	BU_BO_REL_
	SG_MUL_VAL_

BS_:

BU_: tx


BO_ 1 tx_msg1: 8 tx
 SG_ dirmode : 0|8@1+ (1,0) [0|4.0] "" Vector__XXX








VAL_ 1 dirmode 13 "Button" 18 "Switch" 23 "ButtonReversed" 28 "SwitchReversed" 33 "DefaultForward" ;



